MAGIC_8.0 {
   global: Exttosim_Init;
	   Exttospice_Init;
	   Tclmagic_Init;
	   Tclmagic_SafeInit;
	   Tclplot_Init;
	   Tclroute_Init;
	   Magiclef_Init;
           ArgStr;
	   CIFGetOutputScale;
	   CellLibPath;
	   CmdCheckForPaintFunc;
           CmdFuncs;
	   CmdGetEditPoint;
           CmdGetRootPoint;
	   CmdGetSelectedCell;
           CmdLongCommands;
	   CmdParseLayers;
           DBAdjustLabels;
           DBAllButSpaceAndDRCBits;
           DBAllButSpaceBits;
           DBAllTypeBits;
           DBBoundPlane;
           DBCellClearDef;
           DBCellCopyCells;
           DBCellCopyDefBody;
           DBCellCopyPaint;
           DBCellDeleteUse;
           DBCellEnum;
           DBCellLookDef;
           DBCellNewDef;
           DBCellNewUse;
           DBCellReadArea;
           DBCellSetAvail;
           DBCellSrArea;
	   DBCellSrDefs;
           DBClearPaintPlane;
           DBConnPlanes;
           DBConnectTbl;
           DBDeleteCell;
           DBErase;
           DBFixMismatch;
           DBFreePaintPlane;
           DBImageBits;
	   DBIsSubcircuit;
           DBLayerTypeMaskTbl;
           DBNewPlane;
           DBNewYank;
           DBNoTreeSrTiles;
           DBNumPlanes;
           DBNumTypes;
           DBPaint;
           DBPaintPlane;
           DBPaintPlaneVert;
           DBPaintResultTbl;
           DBPlaceCell;
           DBPlaneLongNameTbl;
           DBPlaneTypes;
           DBPrintUseId;
	   DBPropGet;
           DBPutLabel;
           DBReComputeBbox;
           DBSeeTypesAll;
           DBSetTrans;
           DBSpaceBits;
           DBSrLabelLoc;
           DBSrPaintArea;
           DBTechMinSetPlanes;
	   DBTechName;
           DBTechNamePlane;
           DBTechNameType;
           DBTechNoisyNameMask;
           DBTechNoisyNameType;
           DBTechSubsetLayers;
           DBTechTypesToPlanes;
           DBTreeSrCells;
           DBTreeSrLabels;
           DBTreeSrTiles;
           DBTypeLongNameTbl;
           DBTypePaintPlanesTbl;
           DBTypePlaneTbl;
           DBTypeShortName;
           DBUndoEraseLabel;
           DBUndoPutLabel;
           DBUnLinkCell;
           DBUserLayerBits;
           DBWAreaChanged;
           DBWFeedbackAdd;
           DBWFeedbackClear;
           DBWFeedbackCount;
           DBWHLAddClient;
           DBWHLRedraw;
           DBWNumStyles;
           DBWSetBox;
           DBWStyleToTypesTbl;
           DBWStyleType;
           DBWclientID;
           DBWriteResultTbl;
           DBZeroTypeBits;
           DIMaxInt;
           DIZero;
           DQInit;
           DQPopFront;
           DQPushRear;
           DRCCatchUp;
           DRCCheckThis;
           DRCRulesTbl;
           DebugAddClient;
           DebugAddFlag;
           DebugSet;
           DebugShow;
           DebugAddClient;
           DebugAddFlag;
           DebugSet;
           DebugShow;
           DoubleMultI;
           DoubleMultII;
           DoubleString;
           DoubleToDFloat;
           EditCellUse;
           EditRootDef;
           EditToRootTransform;
	   ExtGetDevInfo;
	   ExtCompareStyle;
           Geo180Transform;
           Geo270Transform;
           Geo90Transform;
           GeoClip;
           GeoClipPoint;
           GeoIdentityTransform;
           GeoInclude;
           GeoIncludeAll;
           GeoIncludePoint;
           GeoInvertTrans;
           GeoNameToPos;
           GeoNullRect;
           GeoOppositePos;
           GeoScale;
           GeoSidewaysTransform;
           GeoTransPoint;
           GeoTransPos;
           GeoTransRect;
           GeoTransTrans;
           GeoTransTranslate;
           GeoTranslateTrans;
           GrClipTriangle;
           GrFastBox;
           GrGetColor;
           GrSetStuff;
           GrStippleTable;
           GrStyleTable;
           HashFind;
           HashFreeKill;
           HashInit;
           HashInitClient;
           HashKill;
           HashLookOnly;
           HashNext;
           HashStartSearch;
           HeapAddDInt;
           HeapAddInt;
           HeapInit;
           HeapInitType;
           HeapKill;
           HeapLookAtTop;
           HeapRemoveTop;
           ListContainsP;
           ListDealloc;
           ListDeallocC;
           ListLength;
           ListPop;
           ListReverse;
           Lookup;
           LookupStruct;
           MagAtof;
           Match;
           NLBuild;
           NLFree;
           NLNetName;
           NLSort;
           NMEnumNets;
           NMHasList;
           NMNetlistName;
           NMNewNetlist;
           NMUnsetCell;
           NMinit;
	   Path;
           PaOpen;
           PaVisitAddClient;
           PaVisitFiles;
           PaVisitFree;
           PaVisitInit;
           RootToEditTransform;
           RtrContactWidth;
           RtrMetalWidth;
           RtrPolyWidth;
           RunStats;
           SelEnumCells;
           SelEnumLabels;
           SelEnumPaint;
           SelRememberForUndo;
           SelSetDisplay;
           SelectClear;
           SelectDef;
           SelectRootDef;
           SelectUse;
           SetNoisyBool;
           SetNoisyDI;
           SetNoisyInt;
           ShowRect;
           SigDisableInterrupts;
           SigEnableInterrupts;
           SigInterruptPending;
	   SimSrConnect;
	   StackFree;
           StackLook;
           StackNew;
           StackPop;
           StackPush;
           StrDup;
           StrIsInt;
           StrIsNumeric;
           StrIsWhite;
           SysLibPath;
           Tcl_printf;
           TechAddClient;
           TechDefault;
           TechError;
           TechHalo;
           TechLoad;
           TechSectionGetMask;
           TiAlloc;
           TiFreePlane;
           TiJoinX;
           TiJoinY;
           TiPlaneRect;
           TiSplitX;
           TiSplitY;
           TiSrArea;
           TiSrPoint;
           TiToRect;
           ToolGetBox;
           ToolGetEditBox;
           ToolGetPoint;
           ToolMoveBox;
           ToolMoveCorner;
           TouchingTypes;
           TxError;
           TxFlush;
           TxFlushErr;
           TxFlushOut;
           TxGetLine;
           TxGetLinePrompt;
           TxMore;
           TxPrintOff;
           TxPrintOn;
           TxPrintf;
           UndoBackward;
           UndoDisable;
           UndoEnable;
	   WindReplaceCommand;
           WindSurfaceToScreen;
           WindSearchWid;
           WindUpdate;
           callocMagic;
           cmdParseCoord;
           dbSetPlaneTile;
           debugClients;
           extDevTable;
           freeMagic;
           magicinterp;
           mallocMagic;
           maskToPrint;
           niceabort;
           windCheckOnlyWindow;
   local: *;
};
